Router>en
Router#erase startup-config
Erasing the nvram filesystem will remove all configuration files! Continue? [confirm]
[OK]
Erase of nvram: complete
%SYS-7-NV_BLOCK_INIT: Initialized the geometry of nvram
Router#conf t
Enter configuration commands, one per line.  End with CNTL/Z.
Router(config)#hostname R4
R4(config)#no ip domain-lookup
R4(config)#int g0/0
R4(config-if)#ip address 10.30.0.1 255.255.248.0
R4(config-if)#no shut

R4(config-if)#
%LINK-5-CHANGED: Interface GigabitEthernet0/0, changed state to up

%LINEPROTO-5-UPDOWN: Line protocol on Interface GigabitEthernet0/0, changed state to up

R4(config-if)#int s0/0/0
R4(config-if)#ip address 10.30.22.114 255.255.255.248
R4(config-if)#no shut

R4(config-if)#
%LINK-5-CHANGED: Interface Serial0/0/0, changed state to up

%LINEPROTO-5-UPDOWN: Line protocol on Interface Serial0/0/0, changed state to up

R4(config-if)#int s0/0/1
R4(config-if)#ip address 10.30.22.121 255.255.255.248
R4(config-if)#clock rate 64000
R4(config-if)#no shut

%LINK-5-CHANGED: Interface Serial0/0/1, changed state to down
R4(config-if)#end
R4#
%SYS-5-CONFIG_I: Configured from console by console

R4#copy run start
Destination filename [startup-config]? 
Building configuration...
[OK]
R4#
R4>en
R4#conf t
Enter configuration commands, one per line.  End with CNTL/Z.
R4(config)#ip route 0.
                    ^
% Invalid input detected at '^' marker.
	
R4(config)#ip route 0.0.0.0 0.0.0.0 s0/0/0
%Default route without gateway, if not a point-to-point interface, may impact performance
R4(config)#router rip
R4(config-router)#version 2
R4(config-router)#no auto-summary
R4(config-router)#network 10.30.0.0
R4(config-router)#network 10.30.22.120
R4(config-router)#network 10.30.22.112
R4(config-router)#passive-interface g0/0
R4(config-router)#default-information originate
R4(config-router)#end
R4#
%SYS-5-CONFIG_I: Configured from console by console

R4#copy run start
Destination filename [startup-config]? 
Building configuration...
[OK]
R4#








R4 con0 is now available






Press RETURN to get started.













R4>en
R4#conf t
Enter configuration commands, one per line.  End with CNTL/Z.
R4(config)#ip route 0.0.0.0 0.0.0.0 s0/0/1
R4(config)#end
R4#
%SYS-5-CONFIG_I: Configured from console by console

R4#copy run start
Destination filename [startup-config]? 
Building configuration...
[OK]
R4#


